../Core/Src/main.c:83:5:main	8	static
../Core/Src/main.c:145:6:SystemClock_Config	88	static
../Core/Src/main.c:192:13:MX_LPUART1_UART_Init	8	static
../Core/Src/main.c:239:13:MX_SPI3_Init	8	static
../Core/Src/main.c:279:13:MX_TIM2_Init	40	static
../Core/Src/main.c:324:13:MX_GPIO_Init	48	static
../Core/Src/main.c:372:6:SPITxRx_Setup	8	static
../Core/Src/main.c:381:6:IODIRB_Setup	8	static
../Core/Src/main.c:390:6:SPITxRx_readIO	8	static
../Core/Src/main.c:432:6:ReadSwitch	4	static
../Core/Src/main.c:532:6:HAL_SPI_TxRxCpltCallback	16	static
../Core/Src/main.c:544:6:HAL_TIM_PeriodElapsedCallback	16	static
../Core/Src/main.c:564:6:Error_Handler	4	static,ignoring_inline_asm
